./services/sms-worker/src/sms_worker/settings.py:47:            if not self.smsru_api_key or self.smsru_api_key == _PLACEHOLDER:
./.env.example:5:DATABASE_URL=postgresql://aura:aura_secret@postgres:5432/aura_coffee
./.env.example:8:TEST_DATABASE_URL=postgresql://aura:aura_secret@postgres:5432/aura_coffee_test
./.env.example:11:REDIS_URL=redis://redis:6379/0
./.env.example:20:JWT_SECRET_KEY=change-me-to-random-secret
./.env.example:21:ENCRYPTION_KEY=0000000000000000000000000000000000000000000000000000000000000000
./.env.example:26:SMSRU_API_KEY=
./.env.example:32:YANDEX_MAPS_API_KEY=
./.env.example:37:YUKASSA_BACKEND=fake
./.env.example:38:YUKASSA_SHOP_ID=dev-shop
./.env.example:39:YUKASSA_SECRET_KEY=dev-secret
./.env.example:40:YUKASSA_BASE_URL=https://api.yookassa.ru/v3
./.env.example:41:YUKASSA_WEBHOOK_IPS=127.0.0.1,payment-worker,payment-webhook
./.env.example:42:# For YUKASSA_BACKEND=fake: outcome driver — "success" | "canceled" | "http_error".
./.env.example:43:YUKASSA_FAKE_OUTCOME=success
./services/payment-worker/src/payment_worker/settings.py:53:    yukassa_base_url: str = "https://api.yookassa.ru/v3"
./services/payment-worker/src/payment_worker/settings.py:77:                "YUKASSA_BACKEND=live (INV-015: secrets must not be empty)"
./services/payment-worker/src/payment_worker/yukassa_client.py:33:DEFAULT_BASE_URL = "https://api.yookassa.ru/v3"
./.env:5:DATABASE_URL=postgresql://aura:aura_secret@postgres:5432/aura_coffee
./.env:8:TEST_DATABASE_URL=postgresql://aura:aura_secret@postgres:5432/aura_coffee_test
./.env:11:REDIS_URL=redis://redis:6379/0
./.env:20:JWT_SECRET_KEY=change-me-to-random-secret
./.env:21:ENCRYPTION_KEY=0000000000000000000000000000000000000000000000000000000000000000
./.env:26:SMSRU_API_KEY=
./.env:32:YANDEX_MAPS_API_KEY=
./.env:37:YUKASSA_BACKEND=fake
./.env:38:YUKASSA_SHOP_ID=dev-shop
./.env:39:YUKASSA_SECRET_KEY=dev-secret
./.env:40:YUKASSA_BASE_URL=https://api.yookassa.ru/v3
./.env:41:YUKASSA_WEBHOOK_IPS=127.0.0.1,payment-worker,payment-webhook
./.env:42:# For YUKASSA_BACKEND=fake: outcome driver — "success" | "canceled" | "http_error".
./.env:43:YUKASSA_FAKE_OUTCOME=success
./services/payment-worker/src/payment_worker/tasks.py:93:        base_url=os.getenv("YUKASSA_BASE_URL", "https://api.yookassa.ru/v3"),
./database/seeds/initial_admin.py:59:    admin_password = os.environ.get("ADMIN_PASSWORD")
./services/payment-worker/src/payment_worker/yukassa_fake.py:6:до api.yookassa.ru. Переключается `YUKASSA_BACKEND=fake`; параметр
./services/payment-worker/src/payment_worker/yukassa_fake.py:15:#            api.yookassa.ru. Honors YUKASSA_FAKE_OUTCOME (success |
./services/sms-worker/tests/test_settings.py:11:        Settings(sms_backend="smsru", smsru_api_key="your-smsru-api-key")
./services/sms-worker/tests/test_settings.py:16:        Settings(sms_backend="smsru", smsru_api_key="")
./services/sms-worker/tests/test_settings.py:20:    s = Settings(sms_backend="log", smsru_api_key="")
./services/sms-worker/tests/test_settings.py:25:    s = Settings(sms_backend="smsru", smsru_api_key="abc123real")
./services/sms-worker/src/sms_worker/clients/smsru.py:27:SMSRU_SEND_URL = "https://sms.ru/sms/send"
./services/payment-worker/tests/test_settings_safety_rail.py:27:        "YUKASSA_BASE_URL": "https://api.yookassa.ru/v3",
./services/payment-worker/tests/test_settings_safety_rail.py:35:    _set_live_with(monkeypatch, YUKASSA_SHOP_ID="")
./services/payment-worker/tests/test_settings_safety_rail.py:42:    _set_live_with(monkeypatch, YUKASSA_SECRET_KEY="")
./services/payment-worker/tests/test_settings_safety_rail.py:49:    _set_live_with(monkeypatch, YUKASSA_BASE_URL="https://api.sandbox.yookassa.ru/v3")
./services/payment-worker/tests/test_settings_safety_rail.py:56:    _set_live_with(monkeypatch, YUKASSA_BASE_URL="https://api.test.yookassa.ru/v3")
./services/payment-worker/tests/test_settings_safety_rail.py:63:    _set_live_with(monkeypatch, YUKASSA_BASE_URL="http://localhost:8000/v3")
./services/payment-worker/tests/conftest.py:210:        "YUKASSA_BASE_URL": "https://api.yookassa.ru/v3",
./services/payment-worker/tests/test_settings.py:46:    assert s.yukassa_base_url == "https://api.yookassa.ru/v3"
./services/payment-worker/tests/test_settings.py:68:    monkeypatch.setenv("YUKASSA_BASE_URL", "https://api.yookassa.ru/v3")
./services/payment-worker/tests/test_yukassa_client.py:17:BASE = "https://api.yookassa.ru/v3"
./services/payment-worker/tests/test_client_factory.py:27:    monkeypatch.setenv("YUKASSA_BASE_URL", "https://api.yookassa.ru/v3")
./services/payment-worker/tests/test_health.py:26:    monkeypatch.setenv("YUKASSA_BASE_URL", "https://api.yookassa.ru/v3")
./services/core-api/AGENTS.md:53:1. **Default — sqlite in-memory.** Most tests (services, schemas, RBAC, auth logic) run against `sqlite://` via the `DATABASE_URL=sqlite://` default set in `conftest.py`. Fast, zero setup, no Postgres required.
./services/core-api/src/core_api/services/checkout.py:381:    Fake-backend (`YUKASSA_BACKEND=fake`) сам дошлёт webhook → Order → PAID.
./services/core-api/src/core_api/services/yandex_maps.py:90:        self._api_key = api_key
./openspec/specs/payment-yukassa-backend/spec.md:12:- **WHEN** `YUKASSA_BACKEND=fake` is exported before starting payment-worker
./openspec/specs/payment-yukassa-backend/spec.md:16:- **WHEN** `YUKASSA_BACKEND=mock` (or any value not in `{live, fake}`) is set
./openspec/specs/payment-yukassa-backend/spec.md:36:- **WHEN** an order is created with `total > 0` and payment-worker is running with `YUKASSA_BACKEND=fake` and `YUKASSA_FAKE_OUTCOME=success`
./openspec/specs/payment-yukassa-backend/spec.md:40:- **WHEN** an order is created with `YUKASSA_FAKE_OUTCOME=canceled`
./openspec/specs/payment-yukassa-backend/spec.md:44:- **WHEN** an order is created with `YUKASSA_FAKE_OUTCOME=http_error`
./openspec/specs/payment-yukassa-backend/spec.md:64:- **WHEN** `YUKASSA_WEBHOOK_IPS=payment-worker` and the fake task POSTs from the payment-worker container
./openspec/specs/payment-yukassa-backend/spec.md:68:- **WHEN** `YUKASSA_WEBHOOK_IPS=*` and any request arrives
./openspec/specs/payment-yukassa-backend/spec.md:80:- **WHEN** the process starts with `YUKASSA_BACKEND=live`, `YUKASSA_SHOP_ID=""`, `YUKASSA_SECRET_KEY=""`
./openspec/specs/payment-yukassa-backend/spec.md:84:- **WHEN** the process starts with `YUKASSA_BACKEND=live`, credentials present, and `YUKASSA_BASE_URL=https://api.sandbox.yookassa.ru/v3`
./openspec/specs/payment-yukassa-backend/spec.md:88:- **WHEN** the process starts with `YUKASSA_BACKEND=fake` and empty credentials
./openspec/specs/payment-yukassa-backend/spec.md:96:- **WHEN** the process runs with `YUKASSA_BACKEND=live` and valid credentials
./openspec/specs/payment-yukassa-backend/spec.md:100:- **WHEN** the process runs with `YUKASSA_BACKEND=fake`
./openspec/specs/payment-yukassa-backend/spec.md:105:`.env.example` SHALL declare `YUKASSA_BACKEND=fake`, placeholder shop_id/secret_key, the production `YUKASSA_BASE_URL` (ignored in fake mode but realistic if the developer flips to live), `YUKASSA_WEBHOOK_IPS=127.0.0.1,payment-worker,payment-webhook`, and `YUKASSA_FAKE_OUTCOME=success`. A fresh `cp .env.example .env` SHALL produce a stack where the full Phase 3 lifecycle is testable with zero additional configuration.
./docs/phase6_manual_test_scenarios.md:140:**YuKassa — `YUKASSA_BACKEND=fake`.** Confirm via the health endpoint:
./docs/phase6_manual_test_scenarios.md:147:With `YUKASSA_FAKE_OUTCOME=success` (the `.env.example` default), every checkout auto-drives `payment.succeeded` via a Celery task with `countdown=1`, so `CREATED → PAID` takes ~2 s.
./docs/phase6_manual_test_scenarios.md:153:sed -i 's/^YUKASSA_FAKE_OUTCOME=.*/YUKASSA_FAKE_OUTCOME=canceled/' .env
./docs/phase6_manual_test_scenarios.md:157:sed -i 's/^YUKASSA_FAKE_OUTCOME=.*/YUKASSA_FAKE_OUTCOME=http_error/' .env
./docs/phase6_manual_test_scenarios.md:161:sed -i 's/^YUKASSA_FAKE_OUTCOME=.*/YUKASSA_FAKE_OUTCOME=success/' .env
./docs/phase6_manual_test_scenarios.md:955:Set `YUKASSA_FAKE_OUTCOME=canceled` → force-recreate core-api + payment-worker (see §0.5 for the exact command). Create a new order. Watch: order flips to `payment_failed` or `cancelled` (depending on version), not `paid`. Flip back to `success` before continuing other flows.
./docs/phase6_manual_test_scenarios.md:957:Set `YUKASSA_FAKE_OUTCOME=http_error`. New order → `payment-worker` logs show retry/backoff, eventually compensating by cancelling the order. The customer SPA surfaces a "Payment failed, please retry" toast (or equivalent). Restore `success` when done.
./docs/phase6_manual_test_scenarios.md:1028:- **YuKassa real backend** — `YUKASSA_BACKEND=live` requires production credentials; `services/payment-worker/src/payment_worker/main.py` refuses to start if `YUKASSA_BASE_URL` contains "test" / "sandbox" / "localhost" when `live` is set. Do not attempt to flip it during manual QA.
./docs/phase6_manual_test_scenarios.md:1040:| Customer checkout hangs on "creating order" | `payment-worker` unhealthy or `YUKASSA_FAKE_OUTCOME=http_error` left active | check logs; reset env var |
./services/core-api/tests/test_yandex_maps_geocode.py:31:    _settings_mod.settings.yandex_maps_api_key = TEST_API_KEY
./services/core-api/tests/test_yandex_maps_geocode.py:327:    c = YandexMapsClient(api_key=TEST_API_KEY)
./services/core-api/tests/test_yandex_maps_suggest.py:39:    _settings_mod.settings.yandex_maps_api_key = TEST_API_KEY
./openspec/changes/archive/2026-04-17-add-yukassa-fake-backend-green/design.md:41:YUKASSA_BACKEND=fake
./openspec/changes/archive/2026-04-17-add-yukassa-fake-backend-green/design.md:42:YUKASSA_SHOP_ID=dev-shop
./openspec/changes/archive/2026-04-17-add-yukassa-fake-backend-green/design.md:43:YUKASSA_SECRET_KEY=dev-secret
./openspec/changes/archive/2026-04-17-add-yukassa-fake-backend-green/design.md:44:YUKASSA_BASE_URL=https://api.yookassa.ru/v3
./openspec/changes/archive/2026-04-17-add-yukassa-fake-backend-green/design.md:45:YUKASSA_WEBHOOK_IPS=127.0.0.1,payment-worker,payment-webhook
./openspec/changes/archive/2026-04-17-add-yukassa-fake-backend-green/design.md:46:YUKASSA_FAKE_OUTCOME=success
./openspec/changes/archive/2026-04-17-add-yukassa-fake-backend-green/design.md:76:- Whether to add a CI rule refusing `YUKASSA_BACKEND=fake` in any `deploy/prod/**` file — follow-up change, not a blocker here.
./services/core-api/tests/test_staff_auth.py:82:        staff = _make_staff_account(password="correct_pass")
./docs/.archive/manual-tests/phase4_manual_test_scenarios.md:34:4. Payment is faked. `.env.example` sets `YUKASSA_BACKEND=fake` and `YUKASSA_FAKE_OUTCOME=success`. Checkout now enqueues `payment_worker.tasks.create_payment` on the `payments` queue; the fake client fires `yukassa_fake_callback` with `countdown=1`, which POSTs `payment.succeeded` to `payment-webhook`. End-to-end: `CREATED → PAID` in ~2 s. If you see `payment-worker` logs with `ModuleNotFoundError: psycopg2` — rebuild the image (`docker compose build payment-worker && docker compose up -d payment-worker`); the driver was added recently.
./docs/.archive/manual-tests/phase4_manual_test_scenarios.md:36:5. **Yandex Maps API key.** `.env.example` has `YANDEX_MAPS_API_KEY=` (empty by default). With an empty key, `/api/v1/maps/suggest` and `/api/v1/maps/geocode` both return `HTTP 503 {"reason": "maps_unavailable"}` — this is the fallback path Section 1.2 tests. If you want to also test the happy path, put a real key in `.env` and `docker compose up -d core-api`.
./services/core-api/tests/test_route_orders.py:497:            confirmation_url="https://yookassa.ru/confirmation/abc123",
./services/core-api/tests/test_route_orders.py:510:    assert resp.json()["confirmation_url"] == "https://yookassa.ru/confirmation/abc123"
./openspec/changes/archive/2026-04-17-add-yukassa-fake-backend-green/proposal.md:3:Implements the code to make all RED tests from change `add-yukassa-fake-backend-red` pass. Motivation, scope, and rationale are inherited verbatim from that change — in short: Phase 3 payments are untestable locally without real ЮKassa credentials and an external tunnel, and the webhook FastAPI app is defined but never served. Mirroring `SMS_BACKEND=log` with a `YUKASSA_BACKEND={live,fake}` toggle fixes both problems while keeping the live path untouched. References PDD §7.1, §8.1, INV-001, INV-004, INV-015, INV-016.
./docs/.archive/manual-tests/phase3_manual_test_scenarios.md:105:2. Enter `login = admin`, `password = admin123`. Click submit.
./openspec/changes/archive/2026-04-17-add-yukassa-fake-backend-green/tasks.md:38:- [x] 7.5 [payment-worker] VERIFY: Flip `.env` to `YUKASSA_BACKEND=live` with empty secrets; `docker compose restart payment-worker`; container exits non-zero with a ValidationError in logs. Restore afterwards.
./openspec/changes/archive/2026-04-17-add-yukassa-fake-backend-green/tasks.md:42:- [x] 8.1 [infra] REFACTOR: Update `docs/phase3_manual_test_scenarios.md` preamble — remove tunnel/sandbox-creds prerequisite; note that Block 4.2 now completes autonomously within ~2s with `YUKASSA_BACKEND=fake`; keep the real-sandbox path as an opt-in alternative.
./docs/.archive/manual-tests/phase6_manual_test_scenarios.md:118:**YuKassa — `YUKASSA_BACKEND=fake`.** Confirm via the health endpoint:
./docs/.archive/manual-tests/phase6_manual_test_scenarios.md:125:With `YUKASSA_FAKE_OUTCOME=success` (the `.env.example` default), every checkout auto-drives `payment.succeeded` via a Celery task with `countdown=1`, so `CREATED → PAID` takes ~2 s.
./docs/.archive/manual-tests/phase6_manual_test_scenarios.md:131:sed -i 's/^YUKASSA_FAKE_OUTCOME=.*/YUKASSA_FAKE_OUTCOME=canceled/' .env
./docs/.archive/manual-tests/phase6_manual_test_scenarios.md:135:sed -i 's/^YUKASSA_FAKE_OUTCOME=.*/YUKASSA_FAKE_OUTCOME=http_error/' .env
./docs/.archive/manual-tests/phase6_manual_test_scenarios.md:139:sed -i 's/^YUKASSA_FAKE_OUTCOME=.*/YUKASSA_FAKE_OUTCOME=success/' .env
./docs/.archive/manual-tests/phase6_manual_test_scenarios.md:915:Set `YUKASSA_FAKE_OUTCOME=canceled` → force-recreate core-api + payment-worker (see §0.5 for the exact command). Create a new order. Watch: order flips to `payment_failed` or `cancelled` (depending on version), not `paid`. Flip back to `success` before continuing other flows.
./docs/.archive/manual-tests/phase6_manual_test_scenarios.md:917:Set `YUKASSA_FAKE_OUTCOME=http_error`. New order → `payment-worker` logs show retry/backoff, eventually compensating by cancelling the order. The customer SPA surfaces a "Payment failed, please retry" toast (or equivalent). Restore `success` when done.
./docs/.archive/manual-tests/phase6_manual_test_scenarios.md:988:- **YuKassa real backend** — `YUKASSA_BACKEND=live` requires production credentials; `services/payment-worker/src/payment_worker/main.py` refuses to start if `YUKASSA_BASE_URL` contains "test" / "sandbox" / "localhost" when `live` is set. Do not attempt to flip it during manual QA.
./docs/.archive/manual-tests/phase6_manual_test_scenarios.md:1000:| Customer checkout hangs on "creating order" | `payment-worker` unhealthy or `YUKASSA_FAKE_OUTCOME=http_error` left active | check logs; reset env var |
./docs/.archive/manual-tests/phase5_manual_test_scenarios.md:34:4. Payment is faked. `.env.example` sets `YUKASSA_BACKEND=fake` and `YUKASSA_FAKE_OUTCOME=success`. Checkout enqueues `payment_worker.tasks.create_payment` on the `payments` queue; the fake client fires `yukassa_fake_callback` with `countdown=1`, which POSTs `payment.succeeded` to `payment-webhook`. End-to-end: `CREATED → PAID` in ~2 s.
./docs/.archive/manual-tests/phase5_manual_test_scenarios.md:36:5. **Yandex Maps API key** (carried over from Phase 4 — Phase 5 does not touch maps). `.env.example` has `YANDEX_MAPS_API_KEY=` empty by default; delivery flows that need a geocode will 503 until you set a real key. Phase 5 does not regress or depend on this — the loyalty/promocode work is independent of delivery. If you want to drive a full delivery-to-COMPLETED order for Section 3 accrual testing, set a real key, or stick to `pickup`.
./openspec/changes/archive/2026-04-17-add-yukassa-fake-backend-green/specs/payment-yukassa-backend/spec.md:24:- **WHEN** `YUKASSA_BACKEND=fake` is exported before core-api starts
./openspec/changes/archive/2026-04-16-payment-yukassa-green/proposal.md:7:- **Upgrade `payment_worker.settings`** to load `yukassa_shop_id`, `yukassa_secret_key`, `yukassa_webhook_ips` (comma-separated list, whitespace-trimmed), `yukassa_base_url` (default `https://api.yookassa.ru/v3`), and `database_url` — on top of the existing `redis_url`.
./openspec/changes/archive/2026-04-16-payment-yukassa-green/tasks.md:7:- [x] 2.1 [payment-worker] GREEN: rewrite `services/payment-worker/src/payment_worker/settings.py` so `Settings(BaseSettings)` exposes: `redis_url`, `database_url`, `yukassa_shop_id`, `yukassa_secret_key`, `yukassa_webhook_ips: list[str]` (use a pydantic field validator to split on "," and `.strip()` each entry), `yukassa_base_url: str = "https://api.yookassa.ru/v3"`. Env prefix stays empty (env var names = UPPER_SNAKE of field name).
./openspec/changes/archive/2026-04-16-payment-yukassa-green/tasks.md:13:  - constant `DEFAULT_BASE_URL = "https://api.yookassa.ru/v3"`
./openspec/changes/archive/2026-04-16-payment-yukassa-green/specs/payment-worker-yukassa/spec.md:12:- `YUKASSA_BASE_URL` (string; defaults to `"https://api.yookassa.ru/v3"` when unset)
./openspec/changes/archive/2026-04-16-payment-yukassa-green/specs/payment-worker-yukassa/spec.md:24:- **THEN** `Settings().yukassa_base_url == "https://api.yookassa.ru/v3"`
./openspec/changes/archive/2026-04-16-payment-yukassa-green/specs/payment-worker-yukassa/spec.md:28:- **WHEN** `YUKASSA_WEBHOOK_IPS = "185.71.76.1, 185.71.76.2"`
./openspec/changes/archive/2026-04-17-add-yukassa-fake-backend-red/design.md:8:- `settings.py` — `yukassa_base_url` defaults to `https://api.yookassa.ru/v3` (production); `yukassa_webhook_ips` parser only handles IPs/CIDRs, no wildcard.
./openspec/changes/archive/2026-04-17-add-yukassa-fake-backend-red/design.md:75:YUKASSA_BACKEND=fake
./openspec/changes/archive/2026-04-17-add-yukassa-fake-backend-red/design.md:76:YUKASSA_SHOP_ID=dev-shop
./openspec/changes/archive/2026-04-17-add-yukassa-fake-backend-red/design.md:77:YUKASSA_SECRET_KEY=dev-secret
./openspec/changes/archive/2026-04-17-add-yukassa-fake-backend-red/design.md:78:YUKASSA_BASE_URL=https://api.yookassa.ru/v3
./openspec/changes/archive/2026-04-17-add-yukassa-fake-backend-red/design.md:79:YUKASSA_WEBHOOK_IPS=127.0.0.1,payment-worker,payment-webhook
./openspec/changes/archive/2026-04-17-add-yukassa-fake-backend-red/design.md:80:YUKASSA_FAKE_OUTCOME=success
./openspec/changes/archive/2026-04-17-add-yukassa-fake-backend-red/design.md:100:- **[Risk]** Someone ships `YUKASSA_BACKEND=fake` to prod → **Mitigation:** two independent gates — (1) code default is `live`, (2) health endpoint exposes backend for deploy smoke test. Add a CI check that refuses `YUKASSA_BACKEND=fake` in any file under `deploy/prod/` (follow-up).
./openspec/changes/archive/2026-04-17-add-yukassa-fake-backend-red/design.md:109:1. Merge with code default `YUKASSA_BACKEND=live`. Existing prod `.env` files (which omit the var) continue to behave identically.
./openspec/changes/archive/2026-04-17-add-yukassa-fake-backend-red/design.md:110:2. Update `.env.example` → `YUKASSA_BACKEND=fake`. Dev copies pick this up on next `cp .env.example .env`.
./openspec/changes/archive/2026-04-20-yandex-maps-proxy-green/design.md:103:        _CLIENT = YandexMapsClient(api_key=settings.yandex_maps_api_key, timeout=3.0)
./openspec/changes/archive/2026-04-17-add-yukassa-fake-backend-red/proposal.md:38:- Replacing the real `YukassaClient` or altering its HTTP contract with api.yookassa.ru.
./openspec/changes/archive/2026-04-17-add-yukassa-fake-backend-red/tasks.md:9:- [x] 2.3 [payment-worker] RED: `services/payment-worker/tests/test_settings.py::test_yukassa_backend_rejects_unknown` — set `YUKASSA_BACKEND=mock`, assert `Settings()` raises `ValidationError`. Fails today (no validation).
./openspec/changes/archive/2026-04-17-add-yukassa-fake-backend-red/tasks.md:35:- [x] 6.1 [payment-worker] RED: `services/payment-worker/tests/test_fake_autodrive.py::test_create_payment_schedules_success_callback` — patch Celery `apply_async`, call `FakeYukassaClient().create_payment(...)` with `YUKASSA_FAKE_OUTCOME=success`, assert `apply_async` called once with task name `yukassa_fake_callback` and `countdown=1` and args containing `"payment.succeeded"`.
./openspec/changes/archive/2026-04-17-add-yukassa-fake-backend-red/tasks.md:42:- [x] 7.1 [payment-worker] RED: `services/payment-worker/tests/test_webhook_whitelist.py::test_hostname_entry_resolves_and_matches` — monkeypatch `socket.gethostbyname` to return `172.20.0.5`, set `YUKASSA_WEBHOOK_IPS=payment-worker`, call `_is_whitelisted("172.20.0.5", settings.yukassa_webhook_ips)`, assert `True`.
./openspec/changes/archive/2026-04-11-fix-phase2-otp-test-guide/proposal.md:30:- **No changes to `.env` or `.env.example`.** The current defaults are correct; the user's local `.env` has a leftover `SMSRU_API_KEY=your-smsru-api-key` line that is harmless (the validator only rejects it when `SMS_BACKEND=smsru`, and the default is `log`).
./openspec/changes/archive/2026-04-17-add-yukassa-fake-backend-red/specs/payment-yukassa-backend/spec.md:12:- **WHEN** `YUKASSA_BACKEND=fake` is exported before starting payment-worker
./openspec/changes/archive/2026-04-17-add-yukassa-fake-backend-red/specs/payment-yukassa-backend/spec.md:16:- **WHEN** `YUKASSA_BACKEND=mock` (or any value not in `{live, fake}`) is set
./openspec/changes/archive/2026-04-17-add-yukassa-fake-backend-red/specs/payment-yukassa-backend/spec.md:36:- **WHEN** an order is created with `total > 0` and payment-worker is running with `YUKASSA_BACKEND=fake` and `YUKASSA_FAKE_OUTCOME=success`
./openspec/changes/archive/2026-04-17-add-yukassa-fake-backend-red/specs/payment-yukassa-backend/spec.md:40:- **WHEN** an order is created with `YUKASSA_FAKE_OUTCOME=canceled`
./openspec/changes/archive/2026-04-17-add-yukassa-fake-backend-red/specs/payment-yukassa-backend/spec.md:44:- **WHEN** an order is created with `YUKASSA_FAKE_OUTCOME=http_error`
./openspec/changes/archive/2026-04-17-add-yukassa-fake-backend-red/specs/payment-yukassa-backend/spec.md:64:- **WHEN** `YUKASSA_WEBHOOK_IPS=payment-worker` and the fake task POSTs from the payment-worker container
./openspec/changes/archive/2026-04-17-add-yukassa-fake-backend-red/specs/payment-yukassa-backend/spec.md:68:- **WHEN** `YUKASSA_WEBHOOK_IPS=*` and any request arrives
./openspec/changes/archive/2026-04-17-add-yukassa-fake-backend-red/specs/payment-yukassa-backend/spec.md:80:- **WHEN** the process starts with `YUKASSA_BACKEND=live`, `YUKASSA_SHOP_ID=""`, `YUKASSA_SECRET_KEY=""`
./openspec/changes/archive/2026-04-17-add-yukassa-fake-backend-red/specs/payment-yukassa-backend/spec.md:84:- **WHEN** the process starts with `YUKASSA_BACKEND=live`, credentials present, and `YUKASSA_BASE_URL=https://api.sandbox.yookassa.ru/v3`
./openspec/changes/archive/2026-04-17-add-yukassa-fake-backend-red/specs/payment-yukassa-backend/spec.md:88:- **WHEN** the process starts with `YUKASSA_BACKEND=fake` and empty credentials
./openspec/changes/archive/2026-04-17-add-yukassa-fake-backend-red/specs/payment-yukassa-backend/spec.md:96:- **WHEN** the process runs with `YUKASSA_BACKEND=live` and valid credentials
./openspec/changes/archive/2026-04-17-add-yukassa-fake-backend-red/specs/payment-yukassa-backend/spec.md:100:- **WHEN** the process runs with `YUKASSA_BACKEND=fake`
./openspec/changes/archive/2026-04-17-add-yukassa-fake-backend-red/specs/payment-yukassa-backend/spec.md:105:`.env.example` SHALL declare `YUKASSA_BACKEND=fake`, placeholder shop_id/secret_key, the production `YUKASSA_BASE_URL` (ignored in fake mode but realistic if the developer flips to live), `YUKASSA_WEBHOOK_IPS=127.0.0.1,payment-worker,payment-webhook`, and `YUKASSA_FAKE_OUTCOME=success`. A fresh `cp .env.example .env` SHALL produce a stack where the full Phase 3 lifecycle is testable with zero additional configuration.
./openspec/changes/archive/2026-04-16-order-checkout-green/tasks.md:39:- [x] 7.1 [core-api] VERIFY: Run `TEST_DATABASE_URL=postgresql+psycopg://aura:aura@localhost:5432/aura_coffee_test .venv/bin/pytest services/core-api/tests/test_checkout_service.py services/core-api/tests/test_route_orders.py -q` from the worktree root and confirm all 60 tests pass (0 failed, 0 errored).
./openspec/changes/archive/2026-04-16-payment-yukassa-red/tasks.md:5:- [x] 1.3 [payment-worker] PREREQ: create `services/payment-worker/tests/conftest.py` with: (a) module-level SQLite engine at `sqlite:///./payment_worker_test.db` built from `shared.models.Base.metadata.create_all`, (b) `db_session` fixture yielding a `Session`, (c) `seed_user_order_payment` fixture that creates a User + Order (`status=CREATED`, `points_used=100`, `promocode_id` → a Promocode with `current_uses=1`) + Payment (`status=PENDING`) + matching RESERVATION loyalty row, (d) `fake_redis` fixture via `fakeredis.FakeRedis()`, (e) `test_env` fixture that `monkeypatch`es `YUKASSA_SHOP_ID`, `YUKASSA_SECRET_KEY`, `YUKASSA_WEBHOOK_IPS`, `DATABASE_URL=sqlite:///./payment_worker_test.db`, `REDIS_URL=redis://fake/0`.
./openspec/changes/archive/2026-04-16-payment-yukassa-red/tasks.md:10:- [x] 2.2 [payment-worker] RED: add `test_yukassa_base_url_default` to `test_settings.py` — with `YUKASSA_BASE_URL` UNSET, asserts `Settings().yukassa_base_url == "https://api.yookassa.ru/v3"`. MUST fail with `AttributeError`.
./openspec/changes/archive/2026-04-16-payment-yukassa-red/tasks.md:11:- [x] 2.3 [payment-worker] RED: add `test_webhook_ips_parses_comma_list` to `test_settings.py` — with `YUKASSA_WEBHOOK_IPS="185.71.76.1, 185.71.76.2"`, asserts `Settings().yukassa_webhook_ips == ["185.71.76.1", "185.71.76.2"]` (whitespace trimmed). MUST fail.
./openspec/changes/archive/2026-04-16-payment-yukassa-red/tasks.md:15:- [x] 3.1 [payment-worker] RED: create `services/payment-worker/tests/test_yukassa_client.py::test_create_payment_posts_to_v3_payments` — uses `respx.mock()` to intercept `POST https://api.yookassa.ru/v3/payments`, calls `YukassaClient(shop_id="s", secret_key="k", base_url="https://api.yookassa.ru/v3").create_payment(amount_kopecks=12345, idempotency_key="uuid-1", return_url="https://r", description="Order #1")`, asserts URL, HTTP method, `Authorization: Basic ...` header equal to `base64("s:k")`, `Idempotency-Key: uuid-1` header, and JSON body `{"amount": {"value": "123.45", "currency": "RUB"}, "confirmation": {"type": "redirect", "return_url": "https://r"}, "capture": True, "description": "Order #1"}`. MUST fail with `ImportError` (no `yukassa_client` module).
./openspec/changes/archive/2026-04-16-payment-yukassa-red/specs/payment-worker-yukassa-tests/spec.md:11:- **WHEN** `YUKASSA_SHOP_ID=123`, `YUKASSA_SECRET_KEY=test_key`, `YUKASSA_WEBHOOK_IPS=185.71.76.0/27,185.71.77.0/27`, `DATABASE_URL=postgresql://x/y`, and `REDIS_URL=redis://r:6379/0` are set in the environment
./openspec/changes/archive/2026-04-16-payment-yukassa-red/specs/payment-worker-yukassa-tests/spec.md:17:- **THEN** `Settings().yukassa_base_url` equals `"https://api.yookassa.ru/v3"` (official base)
./openspec/changes/archive/2026-04-16-payment-yukassa-red/specs/payment-worker-yukassa-tests/spec.md:93:- **GIVEN** `YUKASSA_WEBHOOK_IPS=185.71.76.1,185.71.76.2` and a valid `payment.succeeded` JSON body
./openspec/changes/archive/2026-04-10-fix-test-infra-worktree-safety/design.md:62:admin_password = os.environ.get("ADMIN_PASSWORD")
./openspec/changes/archive/2026-04-10-fix-test-infra-worktree-safety/design.md:99:- `.env.example` declares `TEST_DATABASE_URL=postgresql://aura:aura_secret@postgres:5432/aura_coffee_test` so any `.env` copied from it has it set.
./openspec/changes/archive/2026-04-10-fix-test-infra-worktree-safety/proposal.md:17:- **[docker]** `.env.example` gains `TEST_DATABASE_URL=postgresql://aura:aura_secret@postgres:5432/aura_coffee_test`.
./openspec/changes/archive/2026-04-10-fix-dev-otp-sms-backend/design.md:10:`services/sms-worker/src/sms_worker/clients/smsru.py` has two branches: if `settings.smsru_api_key` is empty, it logs the message and returns `True` (dev fallback); otherwise it POSTs to SMS.ru. The `.env.example` shipped with the repo sets `SMSRU_API_KEY=your-smsru-api-key` — a truthy placeholder — so the dev fallback is skipped and the real API call is made. SMS.ru rejects the placeholder with `{status:"ERROR", status_text:"Неправильный api_id"}`, `send_sms` returns `False`, the Celery task retries 3×, then `_update_otp_status` sets the Redis OTP to `failed` (deleting the key).
./openspec/changes/archive/2026-04-10-fix-dev-otp-sms-backend/design.md:97:SMSRU_API_KEY=
./openspec/changes/archive/2026-04-10-fix-dev-otp-sms-backend/design.md:117:2. After merge: developers on clean checkouts get working OTP login automatically. Developers on existing checkouts whose `.env` still contains `SMSRU_API_KEY=your-smsru-api-key` and no `SMS_BACKEND` line will have their worker crash on next restart (D4 validation triggers because the default resolves to `smsru` only if we set it that way — but the default in `Settings` is `log`, so they will actually *start working* instead). Net effect: existing broken setups heal themselves on next `docker compose restart sms-worker`.
./openspec/changes/archive/2026-04-10-fix-test-infra-worktree-safety/tasks.md:19:- [x] 3.1 PREREQ [docker] Edit `.env.example` — add `TEST_DATABASE_URL=postgresql://aura:aura_secret@postgres:5432/aura_coffee_test` under a new `# Testing` section header.
./openspec/changes/archive/2026-04-20-yandex-maps-proxy-red/proposal.md:30:- **Config:** `.env.example` gains a `YANDEX_MAPS_API_KEY=` placeholder under a new `# Yandex Maps` block.
./openspec/changes/archive/2026-04-10-fix-dev-otp-sms-backend/proposal.md:3:Bringing the stack up with the shipped `.env.example` breaks customer OTP login end-to-end. `.env.example` sets `SMSRU_API_KEY=your-smsru-api-key` (a truthy placeholder), so `services/sms-worker/src/sms_worker/clients/smsru.py:14` skips its existing empty-key dev fallback and POSTs to `https://sms.ru/sms/send`, which responds `{"status":"ERROR","status_text":"Неправильный api_id"}`. The Celery task retries 3× then returns `None`, leaving the Redis OTP in status `CREATED` — but the verify Lua script in `services/core-api/src/core_api/services/otp.py:31` requires status `sent`, so every verification returns `invalid_status` and the customer can never log in. This blocks MVP Phase 1 (Auth) from being usable in any dev/smoke environment that does not have a real sms.ru account.
./openspec/changes/archive/2026-04-10-fix-dev-otp-sms-backend/proposal.md:9:- Update `.env.example` so that out-of-the-box `docker compose up` uses `SMS_BACKEND=log` and ships `SMSRU_API_KEY=` empty. Add a comment documenting how to switch to `smsru` for production.
./openspec/changes/archive/2026-04-20-yandex-maps-proxy-red/tasks.md:4:- [x] 1.2 [core-api] PREREQ: Add `YANDEX_MAPS_API_KEY=` under a new `# Yandex Maps` section in `.env.example`. Placeholder empty string; production overrides in real `.env`.
./openspec/changes/archive/2026-04-20-yandex-maps-proxy-red/tasks.md:10:- [x] 2.2 [core-api] RED: `test_yandex_maps_suggest.py::test_suggest_forwards_api_key_in_outbound_request` — assert `respx` captured request includes `apikey=<settings.yandex_maps_api_key>` in its query string AND the inbound response body does NOT contain the key literal. Pins INV-015. Fails same as 2.1.
./openspec/changes/archive/2026-04-10-fix-dev-otp-sms-backend/tasks.md:5:- [x] 1.3 [sms-worker] Write unit test `tests/test_settings.py::test_smsru_backend_rejects_placeholder_key` that instantiates `Settings(sms_backend="smsru", smsru_api_key="your-smsru-api-key")` and asserts it raises.
./openspec/changes/archive/2026-04-10-fix-dev-otp-sms-backend/tasks.md:6:- [x] 1.4 [sms-worker] Write unit test `test_log_backend_accepts_empty_key` that instantiates `Settings(sms_backend="log", smsru_api_key="")` and asserts it succeeds.
./openspec/changes/archive/2026-04-10-fix-dev-otp-sms-backend/tasks.md:26:- [x] 4.1 [infra] Update `.env.example`: set `SMS_BACKEND=log` (new line) and change `SMSRU_API_KEY=your-smsru-api-key` to `SMSRU_API_KEY=` (empty). Add a short comment above the block stating that production overrides `SMS_BACKEND=smsru` with a real key from the secret store.
./openspec/changes/archive/2026-04-10-fix-dev-otp-sms-backend/tasks.md:35:- [x] 5.4 [sms-worker] Manually verify the production path locally: set `SMS_BACKEND=smsru` and `SMSRU_API_KEY=your-smsru-api-key` and confirm `docker compose up sms-worker` exits with a pydantic validation error naming `SMSRU_API_KEY`.
./openspec/changes/archive/2026-04-16-order-checkout-red/tasks.md:93:- [x] 12.7 [core-api] RED: add `test_get_order_detail_includes_confirmation_url_when_set` — seeds an Order + Payment with `confirmation_url="https://yookassa.ru/..."`; GETs; asserts response body `confirmation_url` matches. MUST fail.
