web-customer-1     | npm warn deprecated whatwg-encoding@3.1.1: Use @exodus/bytes instead for a more spec-conformant and faster implementation
payment-webhook-1  | INFO:     Started server process [1]
payment-webhook-1  | INFO:     Waiting for application startup.
payment-webhook-1  | INFO:     Application startup complete.
db-migrate-1       | INFO  [alembic.runtime.migration] Context impl PostgresqlImpl.
db-migrate-1       | INFO  [alembic.runtime.migration] Will assume transactional DDL.
payment-worker-1   | /usr/local/lib/python3.12/site-packages/celery/platforms.py:841: SecurityWarning: You're running the worker with superuser privileges: this is
payment-worker-1   | absolutely not recommended!
db-migrate-1       | INFO  [alembic.runtime.migration] Running upgrade  -> 0001, Initial empty migration.
web-customer-1     | 
db-migrate-1       | INFO  [alembic.runtime.migration] Running upgrade 0001 -> 0002, Auth tables: users, user_profiles, loyalty_accounts.
payment-worker-1   | 
db-migrate-1       | INFO  [alembic.runtime.migration] Running upgrade 0002 -> 0003, Staff accounts table.
web-admin-1        | npm warn deprecated whatwg-encoding@3.1.1: Use @exodus/bytes instead for a more spec-conformant and faster implementation
db-migrate-1       | INFO  [alembic.runtime.migration] Running upgrade 0003 -> 0004, Menu tables: categories, menu_items, size_options, modifiers, menu_item_modifiers.
web-admin-1        | 
payment-webhook-1  | INFO:     Uvicorn running on http://0.0.0.0:8241 (Press CTRL+C to quit)
core-api-1         | INFO:     Will watch for changes in these directories: ['/app']
db-seed-1          | initial_admin seed applied
core-api-1         | INFO:     Uvicorn running on http://0.0.0.0:8000 (Press CTRL+C to quit)
web-customer-1     | added 342 packages, and audited 343 packages in 8s
core-api-1         | INFO:     Started reloader process [1] using WatchFiles
web-customer-1     | 
db-migrate-1       | INFO  [alembic.runtime.migration] Running upgrade 0004 -> 0005, Phase 3 schema: orders, payments, refunds, loyalty, promocodes, notifications, shop_settings.
payment-worker-1   | Please specify a different user using the --uid option.
web-customer-1     | 84 packages are looking for funding
web-admin-1        | added 374 packages, and audited 375 packages in 8s
nginx-1            | /docker-entrypoint.sh: /docker-entrypoint.d/ is not empty, will attempt to perform configuration
web-admin-1        | 
nginx-1            | /docker-entrypoint.sh: Looking for shell scripts in /docker-entrypoint.d/
web-admin-1        | 86 packages are looking for funding
nginx-1            | /docker-entrypoint.sh: Launching /docker-entrypoint.d/10-listen-on-ipv6-by-default.sh
web-admin-1        |   run `npm fund` for details
payment-worker-1   | 
web-admin-1        | 
payment-worker-1   | User information: uid=0 euid=0 gid=0 egid=0
nginx-1            | 10-listen-on-ipv6-by-default.sh: info: can not modify /etc/nginx/conf.d/default.conf (read-only file system?)
payment-worker-1   | 
sms-worker-1       | /usr/local/lib/python3.12/site-packages/celery/platforms.py:841: SecurityWarning: You're running the worker with superuser privileges: this is
sms-worker-1       | absolutely not recommended!
sms-worker-1       | 
web-customer-1     |   run `npm fund` for details
db-migrate-1       | INFO  [alembic.runtime.migration] Running upgrade 0005 -> 0006, Delivery addresses table: CRUD for saved Customer addresses (PDD §3, §5.2, INV-013).
db-migrate-1       | INFO  [alembic.runtime.migration] Running upgrade 0006 -> 0007, Phase 4: delivery_assignments — привязка курьера к DELIVERY-заказу (PDD §6.3).
payment-worker-1   |   warnings.warn(SecurityWarning(ROOT_DISCOURAGED.format(
db-migrate-1       | INFO  [alembic.runtime.migration] Running upgrade 0007 -> 0008, Phase 6: shop_settings.auto_close_minutes (PDD §6.1, §7.1 Phase 6 item 3).
core-api-1         | INFO:     Started server process [8]
payment-worker-1   |  
web-customer-1     | 
web-admin-1        | 1 moderate severity vulnerability
payment-worker-1   |  -------------- celery@36d1df49d76f v5.6.3 (recovery)
payment-worker-1   | --- ***** ----- 
payment-worker-1   | -- ******* ---- Linux-6.17.0-22-generic-x86_64-with-glibc2.41 2026-04-30 08:21:45
payment-worker-1   | - *** --- * --- 
payment-worker-1   | - ** ---------- [config]
web-customer-1     | 1 moderate severity vulnerability
sms-worker-1       | Please specify a different user using the --uid option.
web-customer-1     | 
sms-worker-1       | 
web-admin-1        | 
web-admin-1        | To address all issues, run:
web-admin-1        |   npm audit fix
web-admin-1        | 
web-admin-1        | Run `npm audit` for details.
web-admin-1        | npm notice
web-admin-1        | npm notice New major version of npm available! 10.9.7 -> 11.13.0
web-customer-1     | To address all issues, run:
core-api-1         | INFO:     Waiting for application startup.
web-admin-1        | npm notice Changelog: https://github.com/npm/cli/releases/tag/v11.13.0
web-customer-1     |   npm audit fix
core-api-1         | INFO:     Application startup complete.
sms-worker-1       | User information: uid=0 euid=0 gid=0 egid=0
core-api-1         | INFO:     172.18.0.1:38500 - "GET /health HTTP/1.1" 200 OK
sms-worker-1       | 
payment-worker-1   | - ** ---------- .> app:         payment_worker:0x7e303ddb2840
sms-worker-1       |   warnings.warn(SecurityWarning(ROOT_DISCOURAGED.format(
payment-worker-1   | - ** ---------- .> transport:   redis://redis:6379/0
web-admin-1        | npm notice To update run: npm install -g npm@11.13.0
payment-worker-1   | - ** ---------- .> results:     disabled://
web-admin-1        | npm notice
payment-worker-1   | - *** --- * --- .> concurrency: 12 (prefork)
web-admin-1        | 
payment-worker-1   | -- ******* ---- .> task events: OFF (enable -E to monitor tasks in this worker)
web-admin-1        | > aura-coffee-admin@0.0.0 dev
web-customer-1     | 
web-admin-1        | > vite --host
web-customer-1     | Run `npm audit` for details.
web-admin-1        | 
web-customer-1     | npm notice
web-customer-1     | npm notice New major version of npm available! 10.9.7 -> 11.13.0
web-customer-1     | npm notice Changelog: https://github.com/npm/cli/releases/tag/v11.13.0
web-customer-1     | npm notice To update run: npm install -g npm@11.13.0
web-customer-1     | npm notice
web-customer-1     | 
web-admin-1        | 
web-customer-1     | > aura-coffee-customer@0.0.0 dev
payment-worker-1   | --- ***** ----- 
nginx-1            | /docker-entrypoint.sh: Sourcing /docker-entrypoint.d/15-local-resolvers.envsh
nginx-1            | /docker-entrypoint.sh: Launching /docker-entrypoint.d/20-envsubst-on-templates.sh
payment-worker-1   |  -------------- [queues]
nginx-1            | /docker-entrypoint.sh: Launching /docker-entrypoint.d/30-tune-worker-processes.sh
payment-worker-1   |                 .> payments         exchange=payments(direct) key=payments
nginx-1            | /docker-entrypoint.sh: Configuration complete; ready for start up
payment-worker-1   |                 
nginx-1            | 2026/04/30 08:21:50 [notice] 1#1: using the "epoll" event method
nginx-1            | 2026/04/30 08:21:50 [notice] 1#1: nginx/1.27.5
web-admin-1        |   VITE v6.4.2  ready in 270 ms
nginx-1            | 2026/04/30 08:21:50 [notice] 1#1: built by gcc 14.2.0 (Alpine 14.2.0) 
nginx-1            | 2026/04/30 08:21:50 [notice] 1#1: OS: Linux 6.17.0-22-generic
web-admin-1        | 
sms-worker-1       |  
sms-worker-1       |  -------------- celery@1af89f50e90f v5.6.3 (recovery)
sms-worker-1       | --- ***** ----- 
web-customer-1     | > vite --host
sms-worker-1       | -- ******* ---- Linux-6.17.0-22-generic-x86_64-with-glibc2.41 2026-04-30 08:21:45
sms-worker-1       | - *** --- * --- 
web-customer-1     | 
sms-worker-1       | - ** ---------- [config]
sms-worker-1       | - ** ---------- .> app:         sms_worker:0x7235b04a0410
web-customer-1     | 
sms-worker-1       | - ** ---------- .> transport:   redis://redis:6379/0
web-customer-1     |   VITE v6.4.2  ready in 229 ms
payment-worker-1   | 
web-customer-1     | 
payment-worker-1   | [tasks]
payment-worker-1   |   . payment_worker.tasks.create_payment
payment-worker-1   |   . payment_worker.tasks.health_check
payment-worker-1   |   . payment_worker.tasks.initiate_refund
payment-worker-1   |   . yukassa_fake_callback
payment-worker-1   | 
web-admin-1        |   ➜  Local:   http://localhost:5174/admin/
web-admin-1        |   ➜  Network: http://172.18.0.4:5174/admin/
nginx-1            | 2026/04/30 08:21:50 [notice] 1#1: getrlimit(RLIMIT_NOFILE): 1024:524288
nginx-1            | 2026/04/30 08:21:50 [notice] 1#1: start worker processes
nginx-1            | 2026/04/30 08:21:50 [notice] 1#1: start worker process 21
nginx-1            | 2026/04/30 08:21:50 [notice] 1#1: start worker process 22
nginx-1            | 2026/04/30 08:21:50 [notice] 1#1: start worker process 23
payment-worker-1   | [2026-04-30 08:21:46,471: INFO/MainProcess] Connected to redis://redis:6379/0
nginx-1            | 2026/04/30 08:21:50 [notice] 1#1: start worker process 24
web-customer-1     |   ➜  Local:   http://localhost:5173/
sms-worker-1       | - ** ---------- .> results:     disabled://
web-customer-1     |   ➜  Network: http://172.18.0.2:5173/
nginx-1            | 2026/04/30 08:21:50 [notice] 1#1: start worker process 25
sms-worker-1       | - *** --- * --- .> concurrency: 12 (prefork)
sms-worker-1       | -- ******* ---- .> task events: OFF (enable -E to monitor tasks in this worker)
sms-worker-1       | --- ***** ----- 
sms-worker-1       |  -------------- [queues]
payment-worker-1   | [2026-04-30 08:21:46,472: INFO/MainProcess] mingle: searching for neighbors
nginx-1            | 2026/04/30 08:21:50 [notice] 1#1: start worker process 26
payment-worker-1   | [2026-04-30 08:21:47,479: INFO/MainProcess] mingle: all alone
nginx-1            | 2026/04/30 08:21:50 [notice] 1#1: start worker process 27
payment-worker-1   | [2026-04-30 08:21:47,497: INFO/MainProcess] celery@36d1df49d76f ready.
payment-worker-1   | [2026-04-30 08:21:51,821: INFO/MainProcess] sync with celery@1b21fd5a4f28
sms-worker-1       |                 .> sms              exchange=sms(direct) key=sms
sms-worker-1       |                 
nginx-1            | 2026/04/30 08:21:50 [notice] 1#1: start worker process 28
sms-worker-1       | 
nginx-1            | 2026/04/30 08:21:50 [notice] 1#1: start worker process 29
sms-worker-1       | [tasks]
nginx-1            | 2026/04/30 08:21:50 [notice] 1#1: start worker process 30
sms-worker-1       |   . sms_worker.tasks.health_check
nginx-1            | 2026/04/30 08:21:50 [notice] 1#1: start worker process 31
sms-worker-1       |   . sms_worker.tasks.otp.send_otp_sms
nginx-1            | 2026/04/30 08:21:50 [notice] 1#1: start worker process 32
sms-worker-1       | 
sms-worker-1       | [2026-04-30 08:21:45,664: INFO/MainProcess] Connected to redis://redis:6379/0
sms-worker-1       | [2026-04-30 08:21:45,668: INFO/MainProcess] mingle: searching for neighbors
sms-worker-1       | [2026-04-30 08:21:46,676: INFO/MainProcess] mingle: all alone
sms-worker-1       | [2026-04-30 08:21:46,684: INFO/MainProcess] celery@1af89f50e90f ready.
sms-worker-1       | [2026-04-30 08:21:51,821: INFO/MainProcess] sync with celery@1b21fd5a4f28
nginx-1            | 172.18.0.1 - - [30/Apr/2026:08:41:41 +0000] "HEAD / HTTP/1.1" 200 0 "-" "curl/8.5.0" "-"
